// Bun Snapshot v1, https://goo.gl/fbAQLP

exports[`001-js-in-dak.dak 1`] = `
""hello" is not a function. (In '"hello"()', '"hello"' is "hello")

--

TypeError: "hello" is not a function. (In '"hello"()', '"hello"' is "hello")
    at <anonymous> (:3:20)
    at anonymous (:1:26)
    at <anonymous> (test/bluewhale.dak:0:632)"
`;
